[backblue.gif]
[fade.gif]
[index.html]
[trafficize.app/app/uploads/favicon/81d07e1124251806371fff7c7c13855d.png]
[trafficize.app/app/uploads/backgrounds/5d54768722a4e3bd44fa3704a6d5e6fb.jpg]
[trafficize.app/app/uploads/avatars/2bb93caf8463d0aa20abfffcc040b9ea.png]
[trafficize.app/app/themes/altum/assets/js/libraries/jquery.mina510.js]
[trafficize.app/app/themes/altum/assets/js/libraries/popper.mina510.js]
[trafficize.app/app/themes/altum/assets/js/libraries/bootstrap.mina510.js]
[trafficize.app/app/themes/altum/assets/js/maina510.js]
[trafficize.app/app/themes/altum/assets/js/functionsa510.js]
[trafficize.app/app/themes/altum/assets/js/libraries/fontawesome.mina510.js]
[trafficize.app/app/mohamed_nidsaid.html]
[trafficize.app/app/themes/altum/assets/css/bootstrap.mina510.css]
[trafficize.app/app/themes/altum/assets/css/customa510.css]
[trafficize.app/app/themes/altum/assets/css/link-customa510.css]
[trafficize.app/app/themes/altum/assets/css/animate.mina510.css]
[trafficize.app/app/index.html]
[trafficize.app/app/themes/altum/assets/images/blob.svg]
[trafficize.app/app/uploads/logo/78a9143e697a9c65bc2b1296cd19b746.png]
[trafficize.app/app/themes/altum/assets/js/libraries/clipboard.mina510.js]
[trafficize.app/app/login.html]
[www.google.com/recaptcha/api.js]
[trafficize.app/app/get-captcha.png]
[trafficize.app/app/lost-password.html]
[trafficize.app/app/resend-activation.html]
[trafficize.app/app/https_.html]
